INFO:root:Darshan  is the best data scientist in the world
INFO:root:Darshan  is the best data scientist in the world
INFO:root:Darshan  is the best data scientist in the world
INFO:root:2
INFO:root:Darshan  is the best data scientist in the world
INFO:root:[5, 6, 4, 5, 4, 6, 2, 4]
INFO:root:Darshan  is the best data scientist in the world
WARNING:root: I am also block chain developer
INFO:root:[5, 6, 4, 5, 4, 6, 2, 4]
INFO:root:Darshan  is the best data scientist in the world
WARNING:root: I am also block chain developer
INFO:root:[5, 6, 4, 5, 4, 6, 2, 4]
WARNING:root: Dont waste your time
INFO:root:Darshan  is the best data scientist in the world
WARNING:root: I am also block chain developer
INFO:root:[5, 6, 4, 5, 4, 6, 2, 4]
WARNING:root: Dont waste your time
ERROR:root:Distractions are error
INFO:root:Darshan  is the best data scientist in the world
WARNING:root: I am also block chain developer
INFO:root:[5, 6, 4, 5, 4, 6, 2, 4]
WARNING:root: Dont waste your time
ERROR:root:Distractions are error
INFO:root:Darshan  is the best data scientist in the world
WARNING:root: I am also block chain developer
INFO:root:[5, 6, 4, 5, 4, 6, 2, 4]
WARNING:root: Dont waste your time
ERROR:root:Distractions are error
INFO:root:Darshan  is the best data scientist in the world
WARNING:root: I am also block chain developer
INFO:root:[5, 6, 4, 5, 4, 6, 2, 4, 2]
WARNING:root: Dont waste your time
ERROR:root:Distractions are error
INFO:root:[5, 6, 4, 5, 4, 6, 2, 4, 2]
WARNING:root: Dont waste your time
ERROR:root:Distractions are error
